# position_control store snapshot (_datafiles/messages/position_control.yaml)
# Recorded 2026-09-17 from PRE-migration code: the local substitute() in
# internal/hooks/Position_Messaging.go, a {key} loop over the three authored name
# vocabularies {attacker}/{target}, {Controller}/{Controlled} and {Character}.
# Stand-ins: Actorius is the actor side, Acteeus the actee side.
# dimensions: block x key [x subtype] x role, role in {actor,actee,observer}:
# M4b-1 collapsed this store's three authored KEY vocabularies (attacker/target/
# room, controller/controlled and self/room) the way M4a collapsed its three
# token ones. In the gradient and transition rows the SIDE field is a role too;
# the gradient state spelled `controlled` is authored data and keeps its name.
# Empty rows are authored silence.
# gradient_messages and transition_messages have NO Go reader today; those rows
# guard the data, not a render path.

gradient|actee|becoming_controlled|actor => "You're starting to control the position!"
gradient|actee|becoming_controlled|observer => ""
gradient|actee|controlled|actor => "You're about to escape!"
gradient|actee|controlled|observer => ""
gradient|actee|losing_control|actor => "You feel an opening — they're losing the position."
gradient|actee|losing_control|observer => ""
gradient|actee|neutral|actor => "The side control is even — it's all up for grabs."
gradient|actee|neutral|observer => ""
gradient|actor|becoming_controlled|actor => "You're about to lose the side control."
gradient|actor|becoming_controlled|observer => "Actorius is losing side control."
gradient|actor|controlled|actor => "You've lost the side control!"
gradient|actor|controlled|observer => "Actorius has lost side control."
gradient|actor|in_control|actor => "You settle into a dominating side control."
gradient|actor|in_control|observer => "Actorius settles into a dominating side control."
gradient|actor|losing_control|actor => "You feel your side control slipping."
gradient|actor|losing_control|observer => "Actorius struggles to maintain side control."
gradient|actor|neutral|actor => "The side control is even — it's all up for grabs."
gradient|actor|neutral|observer => "The side control between Actorius and Acteeus is even."
transition|actee|actor => "You escape the guard to side control!"
transition|actee|observer => ""
transition|actor|actor => "You lose the guard as they recover to side control."
transition|actor|observer => "Actorius loses the guard to Acteeus, who recovers to side control."
stamina|actor => "You're getting gassed — your side control is hard to maintain."
stamina|observer => "Actorius looks exhausted in the side control."
submission|crit_flag|actor => "With brutal precision — "
submission|crit_flag|actee => ""
submission|crit_flag|observer => ""
submission|escape_bad|actor => "Your submission attempt overcommits — Acteeus exploits the opening and breaks free!"
submission|escape_bad|actee => "You feel Actorius overcommit on the submission. You twist free and they hit the ground!"
submission|escape_bad|observer => "Actorius overcommits on the submission — Acteeus escapes the grapple entirely."
submission|neutral|actor => "Your submission attempt fails to lock in. Acteeus survives the round."
submission|neutral|actee => "You feel Actorius threaten a submission but it doesn't fully lock."
submission|neutral|observer => "Actorius's submission attempt on Acteeus fails to fully lock in."
submission|opening|americana|actor => "You crank Acteeus's shoulder backwards with savage pressure."
submission|opening|americana|actee => "Actorius cranks your shoulder. The joint is about to give."
submission|opening|americana|observer => "Actorius cranks an americana on Acteeus's shoulder."
submission|opening|anaconda|actor => "You roll and snake your arms around Acteeus's neck."
submission|opening|anaconda|actee => "Actorius rolls and your neck disappears into a vise."
submission|opening|anaconda|observer => "Actorius sinks an anaconda choke on Acteeus."
submission|opening|armbar|actor => "You isolate Acteeus's arm and crank — they feel the joint go past its limit!"
submission|opening|armbar|actee => "Actorius isolates your arm and cranks — pain shoots through the elbow!"
submission|opening|armbar|observer => "Actorius isolates Acteeus's arm in a brutal armbar."
submission|opening|kimura|actor => "You twist Acteeus's shoulder into an unnatural angle."
submission|opening|kimura|actee => "Actorius twists your shoulder. The joint screams."
submission|opening|kimura|observer => "Actorius cranks a kimura on Acteeus's shoulder."
submission|opening|omoplata|actor => "You trap Acteeus's shoulder with your leg — the angle is impossible."
submission|opening|omoplata|actee => "Actorius's leg traps your shoulder at an impossible angle."
submission|opening|omoplata|observer => "Actorius locks an omoplata on Acteeus's shoulder."
submission|opening|rnc|actor => "You wrap an arm around Acteeus's neck and squeeze."
submission|opening|rnc|actee => "Actorius's arm tightens around your neck. The world begins to dim."
submission|opening|rnc|observer => "Actorius sinks a rear-naked choke on Acteeus."
submission|opening|triangle|actor => "Your legs lock around Acteeus's neck and arm — the squeeze is on."
submission|opening|triangle|actee => "Actorius's legs trap your neck and one arm. You can barely breathe."
submission|opening|triangle|observer => "Actorius locks a triangle choke around Acteeus's neck."
submission|outcome_cripple_arm|actor => "You crank Acteeus's arm until you hear bone crack. They scream and pass out."
submission|outcome_cripple_arm|actee => "You hear the bone in your arm crack. The pain takes you under."
submission|outcome_cripple_arm|observer => "Bone cracks. Acteeus screams and goes limp in Actorius's grip."
submission|outcome_cripple_shoulder|actor => "You crank Acteeus's shoulder until it pops out of the socket."
submission|outcome_cripple_shoulder|actee => "Your shoulder pops out of the socket. The pain takes you under."
submission|outcome_cripple_shoulder|observer => "Acteeus's shoulder pops sickeningly. They go limp."
submission|outcome_lethal|actor => "You hold the lock until Acteeus stops twitching. They will not be getting up."
submission|outcome_lethal|actee => "Everything fades to black. Cold."
submission|outcome_lethal|observer => "Actorius holds the submission past survival. Acteeus is dead."
submission|outcome_mercy|actor => "You ease off and let Acteeus up. They live to fight another day."
submission|outcome_mercy|actee => "Actorius eases off the submission and lets you up. You owe them your life."
submission|outcome_mercy|observer => "Actorius releases Acteeus from the submission. Mercy."
submission|outcome_subdue|actor => "You hold the choke until Acteeus's body goes limp. They're done."
submission|outcome_subdue|actee => "Actorius holds the choke until everything goes black."
submission|outcome_subdue|observer => "Actorius holds the submission until Acteeus loses consciousness."
