# position_control store snapshot (_datafiles/messages/position_control.yaml)
# Recorded 2026-09-17 from PRE-migration code: the local substitute() in
# internal/hooks/Position_Messaging.go, a {key} loop over the three authored name
# vocabularies {attacker}/{target}, {Controller}/{Controlled} and {Character}.
# Stand-ins: Actorius is the actor side, Acteeus the actee side.
# dimensions: block x key [x subtype] x role. Empty rows are authored silence.
# gradient_messages and transition_messages have NO Go reader today; those rows
# guard the data, not a render path.

gradient|controlled|becoming_controlled|self => "You're starting to control the position!"
gradient|controlled|becoming_controlled|room => ""
gradient|controlled|controlled|self => "You're about to escape!"
gradient|controlled|controlled|room => ""
gradient|controlled|losing_control|self => "You feel an opening — they're losing the position."
gradient|controlled|losing_control|room => ""
gradient|controlled|neutral|self => "The side control is even — it's all up for grabs."
gradient|controlled|neutral|room => ""
gradient|controller|becoming_controlled|self => "You're about to lose the side control."
gradient|controller|becoming_controlled|room => "Actorius is losing side control."
gradient|controller|controlled|self => "You've lost the side control!"
gradient|controller|controlled|room => "Actorius has lost side control."
gradient|controller|in_control|self => "You settle into a dominating side control."
gradient|controller|in_control|room => "Actorius settles into a dominating side control."
gradient|controller|losing_control|self => "You feel your side control slipping."
gradient|controller|losing_control|room => "Actorius struggles to maintain side control."
gradient|controller|neutral|self => "The side control is even — it's all up for grabs."
gradient|controller|neutral|room => "The side control between Actorius and Acteeus is even."
transition|controlled|self => "You escape the guard to side control!"
transition|controlled|room => ""
transition|controller|self => "You lose the guard as they recover to side control."
transition|controller|room => "Actorius loses the guard to Acteeus, who recovers to side control."
stamina|self => "You're getting gassed — your side control is hard to maintain."
stamina|room => "Actorius looks exhausted in the side control."
submission|crit_flag|attacker => "With brutal precision — "
submission|crit_flag|target => ""
submission|crit_flag|room => ""
submission|escape_bad|attacker => "Your submission attempt overcommits — Acteeus exploits the opening and breaks free!"
submission|escape_bad|target => "You feel Actorius overcommit on the submission. You twist free and they hit the ground!"
submission|escape_bad|room => "Actorius overcommits on the submission — Acteeus escapes the grapple entirely."
submission|neutral|attacker => "Your submission attempt fails to lock in. Acteeus survives the round."
submission|neutral|target => "You feel Actorius threaten a submission but it doesn't fully lock."
submission|neutral|room => "Actorius's submission attempt on Acteeus fails to fully lock in."
submission|opening|americana|attacker => "You crank Acteeus's shoulder backwards with savage pressure."
submission|opening|americana|target => "Actorius cranks your shoulder. The joint is about to give."
submission|opening|americana|room => "Actorius cranks an americana on Acteeus's shoulder."
submission|opening|anaconda|attacker => "You roll and snake your arms around Acteeus's neck."
submission|opening|anaconda|target => "Actorius rolls and your neck disappears into a vise."
submission|opening|anaconda|room => "Actorius sinks an anaconda choke on Acteeus."
submission|opening|armbar|attacker => "You isolate Acteeus's arm and crank — they feel the joint go past its limit!"
submission|opening|armbar|target => "Actorius isolates your arm and cranks — pain shoots through the elbow!"
submission|opening|armbar|room => "Actorius isolates Acteeus's arm in a brutal armbar."
submission|opening|kimura|attacker => "You twist Acteeus's shoulder into an unnatural angle."
submission|opening|kimura|target => "Actorius twists your shoulder. The joint screams."
submission|opening|kimura|room => "Actorius cranks a kimura on Acteeus's shoulder."
submission|opening|omoplata|attacker => "You trap Acteeus's shoulder with your leg — the angle is impossible."
submission|opening|omoplata|target => "Actorius's leg traps your shoulder at an impossible angle."
submission|opening|omoplata|room => "Actorius locks an omoplata on Acteeus's shoulder."
submission|opening|rnc|attacker => "You wrap an arm around Acteeus's neck and squeeze."
submission|opening|rnc|target => "Actorius's arm tightens around your neck. The world begins to dim."
submission|opening|rnc|room => "Actorius sinks a rear-naked choke on Acteeus."
submission|opening|triangle|attacker => "Your legs lock around Acteeus's neck and arm — the squeeze is on."
submission|opening|triangle|target => "Actorius's legs trap your neck and one arm. You can barely breathe."
submission|opening|triangle|room => "Actorius locks a triangle choke around Acteeus's neck."
submission|outcome_cripple_arm|attacker => "You crank Acteeus's arm until you hear bone crack. They scream and pass out."
submission|outcome_cripple_arm|target => "You hear the bone in your arm crack. The pain takes you under."
submission|outcome_cripple_arm|room => "Bone cracks. Acteeus screams and goes limp in Actorius's grip."
submission|outcome_cripple_shoulder|attacker => "You crank Acteeus's shoulder until it pops out of the socket."
submission|outcome_cripple_shoulder|target => "Your shoulder pops out of the socket. The pain takes you under."
submission|outcome_cripple_shoulder|room => "Acteeus's shoulder pops sickeningly. They go limp."
submission|outcome_lethal|attacker => "You hold the lock until Acteeus stops twitching. They will not be getting up."
submission|outcome_lethal|target => "Everything fades to black. Cold."
submission|outcome_lethal|room => "Actorius holds the submission past survival. Acteeus is dead."
submission|outcome_mercy|attacker => "You ease off and let Acteeus up. They live to fight another day."
submission|outcome_mercy|target => "Actorius eases off the submission and lets you up. You owe them your life."
submission|outcome_mercy|room => "Actorius releases Acteeus from the submission. Mercy."
submission|outcome_subdue|attacker => "You hold the choke until Acteeus's body goes limp. They're done."
submission|outcome_subdue|target => "Actorius holds the choke until everything goes black."
submission|outcome_subdue|room => "Actorius holds the submission until Acteeus loses consciousness."
