# weather emotes store snapshot
# weather tables: 9   seasonal-ambience tables: 6
# Recorded 2026-09-16 from PRE-migration code: a baseline of existing behaviour,
# not a record of what a later migration produced.
# dimensions: type x section(outdoor/sheltered) x biome x band x season, then
# (track,season) ambience. Band applies to sheltered rows only; outdoor lines
# are never felt-banded.
# "sheltered" names the ROOM, not the section: item 9 PR 2 splits it into
# indoor and underground, and these row keys must survive that split.
# Biome is authored keys UNION a representative set (cave, dungeon, house,
# fort, spiderweb, forest) on both axes: the only authored sheltered key is
# "default", so without this set the golden would never see a cave and PR 2's
# split would land with no diff; the same union on outdoor exercises its own
# biome-to-default fallback.
# Single role (the room is told), no tokens authored anywhere in this store.
# A fresh SequencePicker per row pins index 0.
# An empty row ("") in a mild band is deliberate silence, not a missing pool.

blizzard|base|outdoor|cave => "The wind drives the snow level, scouring every exposed inch of skin."
blizzard|base|outdoor|default => "The wind drives the snow level, scouring every exposed inch of skin."
blizzard|base|outdoor|dungeon => "The wind drives the snow level, scouring every exposed inch of skin."
blizzard|base|outdoor|forest => "The wind drives the snow level, scouring every exposed inch of skin."
blizzard|base|outdoor|fort => "The wind drives the snow level, scouring every exposed inch of skin."
blizzard|base|outdoor|house => "The wind drives the snow level, scouring every exposed inch of skin."
blizzard|base|outdoor|spiderweb => "The wind drives the snow level, scouring every exposed inch of skin."
blizzard|base|sheltered|cave|mild => ""
blizzard|base|sheltered|cave|strong => "The draught that once blew outward reverses without warning."
blizzard|base|sheltered|default|mild => "Wind keens around the corners of the building."
blizzard|base|sheltered|default|strong => "The blizzard howls against the walls, packing snow into every crack."
blizzard|base|sheltered|dungeon|mild => ""
blizzard|base|sheltered|dungeon|strong => "The draught that once blew outward reverses without warning."
blizzard|base|sheltered|forest|mild => "Wind keens around the corners of the building."
blizzard|base|sheltered|forest|strong => "The blizzard howls against the walls, packing snow into every crack."
blizzard|base|sheltered|fort|mild => "Wind keens around the corners of the building."
blizzard|base|sheltered|fort|strong => "The blizzard howls against the walls, packing snow into every crack."
blizzard|base|sheltered|house|mild => "Wind keens around the corners of the building."
blizzard|base|sheltered|house|strong => "The blizzard howls against the walls, packing snow into every crack."
blizzard|base|sheltered|spiderweb|mild => "Wind keens around the corners of the building."
blizzard|base|sheltered|spiderweb|strong => "The blizzard howls against the walls, packing snow into every crack."
dust|base|outdoor|cave => "Wind-borne grit rasps across everything, hissing like dry rain."
dust|base|outdoor|default => "Wind-borne grit rasps across everything, hissing like dry rain."
dust|base|outdoor|dungeon => "Wind-borne grit rasps across everything, hissing like dry rain."
dust|base|outdoor|forest => "Wind-borne grit rasps across everything, hissing like dry rain."
dust|base|outdoor|fort => "Wind-borne grit rasps across everything, hissing like dry rain."
dust|base|outdoor|house => "Wind-borne grit rasps across everything, hissing like dry rain."
dust|base|outdoor|spiderweb => "Wind-borne grit rasps across everything, hissing like dry rain."
dust|base|sheltered|cave|mild => ""
dust|base|sheltered|cave|strong => "Fine grit sifts down from the stone ceiling, dry and constant."
dust|base|sheltered|default|mild => "Fine dust sifts down from the rafters with each gust outside."
dust|base|sheltered|default|strong => "Grit hisses against the walls; the air inside tastes of dry earth."
dust|base|sheltered|dungeon|mild => ""
dust|base|sheltered|dungeon|strong => "Fine grit sifts down from the stone ceiling, dry and constant."
dust|base|sheltered|forest|mild => "Fine dust sifts down from the rafters with each gust outside."
dust|base|sheltered|forest|strong => "Grit hisses against the walls; the air inside tastes of dry earth."
dust|base|sheltered|fort|mild => "Fine dust sifts down from the rafters with each gust outside."
dust|base|sheltered|fort|strong => "Grit hisses against the walls; the air inside tastes of dry earth."
dust|base|sheltered|house|mild => "Fine dust sifts down from the rafters with each gust outside."
dust|base|sheltered|house|strong => "Grit hisses against the walls; the air inside tastes of dry earth."
dust|base|sheltered|spiderweb|mild => "Fine dust sifts down from the rafters with each gust outside."
dust|base|sheltered|spiderweb|strong => "Grit hisses against the walls; the air inside tastes of dry earth."
fog|base|outdoor|cave => "The fog drifts in slow banks, swallowing shapes a few paces out."
fog|base|outdoor|city => "Lamplight and doorways become dim halos in the drifting murk."
fog|base|outdoor|default => "The fog drifts in slow banks, swallowing shapes a few paces out."
fog|base|outdoor|dungeon => "The fog drifts in slow banks, swallowing shapes a few paces out."
fog|base|outdoor|forest => "The fog drifts in slow banks, swallowing shapes a few paces out."
fog|base|outdoor|fort => "The fog drifts in slow banks, swallowing shapes a few paces out."
fog|base|outdoor|house => "The fog drifts in slow banks, swallowing shapes a few paces out."
fog|base|outdoor|spiderweb => "The fog drifts in slow banks, swallowing shapes a few paces out."
fog|base|outdoor|swamp => "The fog lies thick on the water, moving only when something moves it."
fog|base|sheltered|cave|mild => ""
fog|base|sheltered|cave|strong => ""
fog|base|sheltered|default|mild => ""
fog|base|sheltered|default|strong => "Mist curls in at the threshold and thins to nothing in the warmth."
fog|base|sheltered|dungeon|mild => ""
fog|base|sheltered|dungeon|strong => ""
fog|base|sheltered|forest|mild => ""
fog|base|sheltered|forest|strong => "Mist curls in at the threshold and thins to nothing in the warmth."
fog|base|sheltered|fort|mild => ""
fog|base|sheltered|fort|strong => "Mist curls in at the threshold and thins to nothing in the warmth."
fog|base|sheltered|house|mild => ""
fog|base|sheltered|house|strong => "Mist curls in at the threshold and thins to nothing in the warmth."
fog|base|sheltered|spiderweb|mild => ""
fog|base|sheltered|spiderweb|strong => "Mist curls in at the threshold and thins to nothing in the warmth."
frost|base|outdoor|cave => "A hard frost has seized the world; every surface wears a fur of rime."
frost|base|outdoor|city => "Rime whitens the eaves and doorframes; the streets ring hard underfoot."
frost|base|outdoor|default => "A hard frost has seized the world; every surface wears a fur of rime."
frost|base|outdoor|dungeon => "A hard frost has seized the world; every surface wears a fur of rime."
frost|base|outdoor|forest => "Every twig and needle is sheathed in glittering white, still as glass."
frost|base|outdoor|fort => "A hard frost has seized the world; every surface wears a fur of rime."
frost|base|outdoor|house => "A hard frost has seized the world; every surface wears a fur of rime."
frost|base|outdoor|spiderweb => "A hard frost has seized the world; every surface wears a fur of rime."
frost|base|outdoor|water => "A skin of ice creeps out from the banks, thin and clear as held breath."
frost|base|sheltered|cave|mild => ""
frost|base|sheltered|cave|strong => "The stone itself seems to ache, cold sunk deep into its grain."
frost|base|sheltered|default|mild => ""
frost|base|sheltered|default|strong => "Cold seeps through the walls; frost-ferns bloom on the inner glass."
frost|base|sheltered|dungeon|mild => ""
frost|base|sheltered|dungeon|strong => "The stone itself seems to ache, cold sunk deep into its grain."
frost|base|sheltered|forest|mild => ""
frost|base|sheltered|forest|strong => "Cold seeps through the walls; frost-ferns bloom on the inner glass."
frost|base|sheltered|fort|mild => ""
frost|base|sheltered|fort|strong => "Cold seeps through the walls; frost-ferns bloom on the inner glass."
frost|base|sheltered|house|mild => ""
frost|base|sheltered|house|strong => "Cold seeps through the walls; frost-ferns bloom on the inner glass."
frost|base|sheltered|spiderweb|mild => ""
frost|base|sheltered|spiderweb|strong => "Cold seeps through the walls; frost-ferns bloom on the inner glass."
heatwave|base|outdoor|cave => "Heat shimmers up off the ground in wavering curtains."
heatwave|base|outdoor|city => "The stones radiate stored heat like a banked forge."
heatwave|base|outdoor|default => "Heat shimmers up off the ground in wavering curtains."
heatwave|base|outdoor|dungeon => "Heat shimmers up off the ground in wavering curtains."
heatwave|base|outdoor|forest => "Heat shimmers up off the ground in wavering curtains."
heatwave|base|outdoor|fort => "Heat shimmers up off the ground in wavering curtains."
heatwave|base|outdoor|house => "Heat shimmers up off the ground in wavering curtains."
heatwave|base|outdoor|spiderweb => "Heat shimmers up off the ground in wavering curtains."
heatwave|base|sheltered|cave|mild => ""
heatwave|base|sheltered|cave|strong => "The stone stays cool under your hand, indifferent to the season."
heatwave|base|sheltered|default|mild => ""
heatwave|base|sheltered|default|strong => "The trapped air hangs hot and motionless, thick as wool."
heatwave|base|sheltered|dungeon|mild => ""
heatwave|base|sheltered|dungeon|strong => "The stone stays cool under your hand, indifferent to the season."
heatwave|base|sheltered|forest|mild => ""
heatwave|base|sheltered|forest|strong => "The trapped air hangs hot and motionless, thick as wool."
heatwave|base|sheltered|fort|mild => ""
heatwave|base|sheltered|fort|strong => "The trapped air hangs hot and motionless, thick as wool."
heatwave|base|sheltered|house|mild => ""
heatwave|base|sheltered|house|strong => "The trapped air hangs hot and motionless, thick as wool."
heatwave|base|sheltered|spiderweb|mild => ""
heatwave|base|sheltered|spiderweb|strong => "The trapped air hangs hot and motionless, thick as wool."
overcast|base|outdoor|cave => "The cloud ceiling hangs low and unbroken, gray from edge to edge."
overcast|base|outdoor|default => "The cloud ceiling hangs low and unbroken, gray from edge to edge."
overcast|base|outdoor|dungeon => "The cloud ceiling hangs low and unbroken, gray from edge to edge."
overcast|base|outdoor|forest => "The cloud ceiling hangs low and unbroken, gray from edge to edge."
overcast|base|outdoor|fort => "The cloud ceiling hangs low and unbroken, gray from edge to edge."
overcast|base|outdoor|house => "The cloud ceiling hangs low and unbroken, gray from edge to edge."
overcast|base|outdoor|spiderweb => "The cloud ceiling hangs low and unbroken, gray from edge to edge."
overcast|base|sheltered|cave|mild => ""
overcast|base|sheltered|cave|strong => ""
overcast|base|sheltered|default|mild => ""
overcast|base|sheltered|default|strong => "The light through every crack and window is gray and listless."
overcast|base|sheltered|dungeon|mild => ""
overcast|base|sheltered|dungeon|strong => ""
overcast|base|sheltered|forest|mild => ""
overcast|base|sheltered|forest|strong => "The light through every crack and window is gray and listless."
overcast|base|sheltered|fort|mild => ""
overcast|base|sheltered|fort|strong => "The light through every crack and window is gray and listless."
overcast|base|sheltered|house|mild => ""
overcast|base|sheltered|house|strong => "The light through every crack and window is gray and listless."
overcast|base|sheltered|spiderweb|mild => ""
overcast|base|sheltered|spiderweb|strong => "The light through every crack and window is gray and listless."
rain|base|outdoor|cave => "Rain patters down steadily, beading on every surface."
rain|base|outdoor|city => "Rainwater chuckles along the gutters and pools between the cobbles."
rain|base|outdoor|default => "Rain patters down steadily, beading on every surface."
rain|base|outdoor|dungeon => "Rain patters down steadily, beading on every surface."
rain|base|outdoor|forest => "Rain drips from leaf to leaf, a thousand small drumbeats overhead."
rain|base|outdoor|fort => "Rain patters down steadily, beading on every surface."
rain|base|outdoor|house => "Rain patters down steadily, beading on every surface."
rain|base|outdoor|spiderweb => "Rain patters down steadily, beading on every surface."
rain|base|outdoor|swamp => "Rain stipples the standing water, setting the reeds nodding."
rain|base|sheltered|cave|mild => ""
rain|base|sheltered|cave|strong => "Water finds a seam in the rock and begins a slow, patient dripping."
rain|base|sheltered|default|mild => ""
rain|base|sheltered|default|strong => "The sound of rain on the roof settles into a rhythmic, soothing patter."
rain|base|sheltered|dungeon|mild => ""
rain|base|sheltered|dungeon|strong => "Water finds a seam in the rock and begins a slow, patient dripping."
rain|base|sheltered|forest|mild => ""
rain|base|sheltered|forest|strong => "The sound of rain on the roof settles into a rhythmic, soothing patter."
rain|base|sheltered|fort|mild => ""
rain|base|sheltered|fort|strong => "The sound of rain on the roof settles into a rhythmic, soothing patter."
rain|base|sheltered|house|mild => ""
rain|base|sheltered|house|strong => "The sound of rain on the roof settles into a rhythmic, soothing patter."
rain|base|sheltered|spiderweb|mild => ""
rain|base|sheltered|spiderweb|strong => "The sound of rain on the roof settles into a rhythmic, soothing patter."
snow|base|outdoor|cave => "Snow sifts down in fat, unhurried flakes."
snow|base|outdoor|default => "Snow sifts down in fat, unhurried flakes."
snow|base|outdoor|dungeon => "Snow sifts down in fat, unhurried flakes."
snow|base|outdoor|forest => "Loaded boughs shed sudden sleeves of snow with a soft thump."
snow|base|outdoor|fort => "Snow sifts down in fat, unhurried flakes."
snow|base|outdoor|house => "Snow sifts down in fat, unhurried flakes."
snow|base|outdoor|spiderweb => "Snow sifts down in fat, unhurried flakes."
snow|base|sheltered|cave|mild => ""
snow|base|sheltered|cave|strong => ""
snow|base|sheltered|default|mild => ""
snow|base|sheltered|default|strong => "Snow whispers against the windows, piling soft in the corners outside."
snow|base|sheltered|dungeon|mild => ""
snow|base|sheltered|dungeon|strong => ""
snow|base|sheltered|forest|mild => ""
snow|base|sheltered|forest|strong => "Snow whispers against the windows, piling soft in the corners outside."
snow|base|sheltered|fort|mild => ""
snow|base|sheltered|fort|strong => "Snow whispers against the windows, piling soft in the corners outside."
snow|base|sheltered|house|mild => ""
snow|base|sheltered|house|strong => "Snow whispers against the windows, piling soft in the corners outside."
snow|base|sheltered|spiderweb|mild => ""
snow|base|sheltered|spiderweb|strong => "Snow whispers against the windows, piling soft in the corners outside."
storm|base|outdoor|cave => "Thunder cracks close enough to feel in your teeth."
storm|base|outdoor|city => "A loose shutter hammers somewhere down the street, slave to the wind."
storm|base|outdoor|default => "Thunder cracks close enough to feel in your teeth."
storm|base|outdoor|dungeon => "Thunder cracks close enough to feel in your teeth."
storm|base|outdoor|forest => "The trees groan and thrash, shedding twigs and torn leaves."
storm|base|outdoor|fort => "Thunder cracks close enough to feel in your teeth."
storm|base|outdoor|house => "Thunder cracks close enough to feel in your teeth."
storm|base|outdoor|spiderweb => "Thunder cracks close enough to feel in your teeth."
storm|base|outdoor|water => "The water heaves into whitecaps, spray mixing with the rain."
storm|base|sheltered|cave|mild => ""
storm|base|sheltered|cave|strong => "Thunder arrives as pressure, not sound, pressing on your chest."
storm|base|sheltered|default|mild => "Wind moans low around the eaves."
storm|base|sheltered|default|strong => "Thunder rolls through the walls, rattling anything not nailed down."
storm|base|sheltered|dungeon|mild => ""
storm|base|sheltered|dungeon|strong => "Thunder arrives as pressure, not sound, pressing on your chest."
storm|base|sheltered|forest|mild => "Wind moans low around the eaves."
storm|base|sheltered|forest|strong => "Thunder rolls through the walls, rattling anything not nailed down."
storm|base|sheltered|fort|mild => "Wind moans low around the eaves."
storm|base|sheltered|fort|strong => "Thunder rolls through the walls, rattling anything not nailed down."
storm|base|sheltered|house|mild => "Wind moans low around the eaves."
storm|base|sheltered|house|strong => "Thunder rolls through the walls, rattling anything not nailed down."
storm|base|sheltered|spiderweb|mild => "Wind moans low around the eaves."
storm|base|sheltered|spiderweb|strong => "Thunder rolls through the walls, rattling anything not nailed down."

# seasonal ambience tables, keyed (track, season)
monsoon|dry|outdoor|cave => "Dust devils twist across the cracked hardpan."
monsoon|dry|outdoor|default => "Dust devils twist across the cracked hardpan."
monsoon|dry|outdoor|dungeon => "Dust devils twist across the cracked hardpan."
monsoon|dry|outdoor|forest => "Dust devils twist across the cracked hardpan."
monsoon|dry|outdoor|fort => "Dust devils twist across the cracked hardpan."
monsoon|dry|outdoor|house => "Dust devils twist across the cracked hardpan."
monsoon|dry|outdoor|spiderweb => "Dust devils twist across the cracked hardpan."
monsoon|dry|sheltered|cave|mild => ""
monsoon|dry|sheltered|cave|strong => ""
monsoon|dry|sheltered|default|mild => ""
monsoon|dry|sheltered|default|strong => "Fine dry dust films every surface, fresh as fast as it's wiped."
monsoon|dry|sheltered|dungeon|mild => ""
monsoon|dry|sheltered|dungeon|strong => ""
monsoon|dry|sheltered|forest|mild => ""
monsoon|dry|sheltered|forest|strong => "Fine dry dust films every surface, fresh as fast as it's wiped."
monsoon|dry|sheltered|fort|mild => ""
monsoon|dry|sheltered|fort|strong => "Fine dry dust films every surface, fresh as fast as it's wiped."
monsoon|dry|sheltered|house|mild => ""
monsoon|dry|sheltered|house|strong => "Fine dry dust films every surface, fresh as fast as it's wiped."
monsoon|dry|sheltered|spiderweb|mild => ""
monsoon|dry|sheltered|spiderweb|strong => "Fine dry dust films every surface, fresh as fast as it's wiped."
monsoon|wet|outdoor|cave => "Everything drips; the air itself feels half water."
monsoon|wet|outdoor|default => "Everything drips; the air itself feels half water."
monsoon|wet|outdoor|dungeon => "Everything drips; the air itself feels half water."
monsoon|wet|outdoor|forest => "The canopy drips on long after the rain has stopped, a slow second rainfall."
monsoon|wet|outdoor|fort => "Everything drips; the air itself feels half water."
monsoon|wet|outdoor|house => "Everything drips; the air itself feels half water."
monsoon|wet|outdoor|spiderweb => "Everything drips; the air itself feels half water."
monsoon|wet|sheltered|cave|mild => ""
monsoon|wet|sheltered|cave|strong => ""
monsoon|wet|sheltered|default|mild => ""
monsoon|wet|sheltered|default|strong => "Mould-sweet damp has crept into every corner of the room."
monsoon|wet|sheltered|dungeon|mild => ""
monsoon|wet|sheltered|dungeon|strong => ""
monsoon|wet|sheltered|forest|mild => ""
monsoon|wet|sheltered|forest|strong => "Mould-sweet damp has crept into every corner of the room."
monsoon|wet|sheltered|fort|mild => ""
monsoon|wet|sheltered|fort|strong => "Mould-sweet damp has crept into every corner of the room."
monsoon|wet|sheltered|house|mild => ""
monsoon|wet|sheltered|house|strong => "Mould-sweet damp has crept into every corner of the room."
monsoon|wet|sheltered|spiderweb|mild => ""
monsoon|wet|sheltered|spiderweb|strong => "Mould-sweet damp has crept into every corner of the room."
temperate|autumn|outdoor|cave => "Dry leaves scrape past on a chill gust."
temperate|autumn|outdoor|default => "Dry leaves scrape past on a chill gust."
temperate|autumn|outdoor|dungeon => "Dry leaves scrape past on a chill gust."
temperate|autumn|outdoor|forest => "Dry leaves scrape past on a chill gust."
temperate|autumn|outdoor|fort => "Dry leaves scrape past on a chill gust."
temperate|autumn|outdoor|house => "Dry leaves scrape past on a chill gust."
temperate|autumn|outdoor|spiderweb => "Dry leaves scrape past on a chill gust."
temperate|autumn|sheltered|cave|mild => ""
temperate|autumn|sheltered|cave|strong => ""
temperate|autumn|sheltered|default|mild => ""
temperate|autumn|sheltered|default|strong => "A draft carries the cold smell of leaf-rot and coming frost."
temperate|autumn|sheltered|dungeon|mild => ""
temperate|autumn|sheltered|dungeon|strong => ""
temperate|autumn|sheltered|forest|mild => ""
temperate|autumn|sheltered|forest|strong => "A draft carries the cold smell of leaf-rot and coming frost."
temperate|autumn|sheltered|fort|mild => ""
temperate|autumn|sheltered|fort|strong => "A draft carries the cold smell of leaf-rot and coming frost."
temperate|autumn|sheltered|house|mild => ""
temperate|autumn|sheltered|house|strong => "A draft carries the cold smell of leaf-rot and coming frost."
temperate|autumn|sheltered|spiderweb|mild => ""
temperate|autumn|sheltered|spiderweb|strong => "A draft carries the cold smell of leaf-rot and coming frost."
temperate|spring|outdoor|cave => "Meltwater chuckles somewhere out of sight."
temperate|spring|outdoor|default => "Meltwater chuckles somewhere out of sight."
temperate|spring|outdoor|dungeon => "Meltwater chuckles somewhere out of sight."
temperate|spring|outdoor|forest => "Meltwater chuckles somewhere out of sight."
temperate|spring|outdoor|fort => "Meltwater chuckles somewhere out of sight."
temperate|spring|outdoor|house => "Meltwater chuckles somewhere out of sight."
temperate|spring|outdoor|spiderweb => "Meltwater chuckles somewhere out of sight."
temperate|spring|sheltered|cave|mild => ""
temperate|spring|sheltered|cave|strong => ""
temperate|spring|sheltered|default|mild => ""
temperate|spring|sheltered|default|strong => "The smell of wet, waking earth drifts in from outside."
temperate|spring|sheltered|dungeon|mild => ""
temperate|spring|sheltered|dungeon|strong => ""
temperate|spring|sheltered|forest|mild => ""
temperate|spring|sheltered|forest|strong => "The smell of wet, waking earth drifts in from outside."
temperate|spring|sheltered|fort|mild => ""
temperate|spring|sheltered|fort|strong => "The smell of wet, waking earth drifts in from outside."
temperate|spring|sheltered|house|mild => ""
temperate|spring|sheltered|house|strong => "The smell of wet, waking earth drifts in from outside."
temperate|spring|sheltered|spiderweb|mild => ""
temperate|spring|sheltered|spiderweb|strong => "The smell of wet, waking earth drifts in from outside."
temperate|summer|outdoor|cave => "Insects drone in the heavy summer air."
temperate|summer|outdoor|default => "Insects drone in the heavy summer air."
temperate|summer|outdoor|dungeon => "Insects drone in the heavy summer air."
temperate|summer|outdoor|forest => "Insects drone in the heavy summer air."
temperate|summer|outdoor|fort => "Insects drone in the heavy summer air."
temperate|summer|outdoor|house => "Insects drone in the heavy summer air."
temperate|summer|outdoor|spiderweb => "Insects drone in the heavy summer air."
temperate|summer|sheltered|cave|mild => ""
temperate|summer|sheltered|cave|strong => ""
temperate|summer|sheltered|default|mild => ""
temperate|summer|sheltered|default|strong => "The summer air inside is close and still."
temperate|summer|sheltered|dungeon|mild => ""
temperate|summer|sheltered|dungeon|strong => ""
temperate|summer|sheltered|forest|mild => ""
temperate|summer|sheltered|forest|strong => "The summer air inside is close and still."
temperate|summer|sheltered|fort|mild => ""
temperate|summer|sheltered|fort|strong => "The summer air inside is close and still."
temperate|summer|sheltered|house|mild => ""
temperate|summer|sheltered|house|strong => "The summer air inside is close and still."
temperate|summer|sheltered|spiderweb|mild => ""
temperate|summer|sheltered|spiderweb|strong => "The summer air inside is close and still."
temperate|winter|outdoor|cave => "A skin of ice creaks at the edges of still water."
temperate|winter|outdoor|city => "Icicles hang fanged from every eave along the street."
temperate|winter|outdoor|default => "A skin of ice creaks at the edges of still water."
temperate|winter|outdoor|dungeon => "A skin of ice creaks at the edges of still water."
temperate|winter|outdoor|forest => "Snow slides from a burdened bough with a soft thump."
temperate|winter|outdoor|fort => "A skin of ice creaks at the edges of still water."
temperate|winter|outdoor|house => "A skin of ice creaks at the edges of still water."
temperate|winter|outdoor|spiderweb => "A skin of ice creaks at the edges of still water."
temperate|winter|sheltered|cave|mild => ""
temperate|winter|sheltered|cave|strong => ""
temperate|winter|sheltered|default|mild => ""
temperate|winter|sheltered|default|strong => "Deep-winter cold seeps through the walls despite the shelter."
temperate|winter|sheltered|dungeon|mild => ""
temperate|winter|sheltered|dungeon|strong => ""
temperate|winter|sheltered|forest|mild => ""
temperate|winter|sheltered|forest|strong => "Deep-winter cold seeps through the walls despite the shelter."
temperate|winter|sheltered|fort|mild => ""
temperate|winter|sheltered|fort|strong => "Deep-winter cold seeps through the walls despite the shelter."
temperate|winter|sheltered|house|mild => ""
temperate|winter|sheltered|house|strong => "Deep-winter cold seeps through the walls despite the shelter."
temperate|winter|sheltered|spiderweb|mild => ""
temperate|winter|sheltered|spiderweb|strong => "Deep-winter cold seeps through the walls despite the shelter."

# EMPTY CASE: unknown weather type -> ""
bogus-weather|base|outdoor|default => ""

# EMPTY CASE: unknown (track,season) ambience -> ""
bogus-track|bogus-season|outdoor|default => ""
