internal/usercommands/gore.go | actee |  | acteeDefenceLine~targetChar~room~messaging~CategoryHitNaturalSharp~defence~ToDefender~user~Character~Name
internal/usercommands/gore.go | actee | messaging~CategorySystem | fmt~Sprintf~goreTargetMsgs~util~Rand~len~goreTargetMsgs~user~Character~Name~dmgDesc
internal/usercommands/gore.go | actee | messaging~CategorySystem | fmt~Sprintf~goreTargetMsgs~util~Rand~len~goreTargetMsgs~user~Character~Name~dmgDesc
internal/usercommands/gore.go | actee | messaging~CategorySystem | fmt~Sprintf~missTargetMsgs~util~Rand~len~missTargetMsgs~user~Character~Name
internal/usercommands/gore.go | actee | messaging~CategorySystem | fmt~Sprintf~partialTargetMsgs~util~Rand~len~partialTargetMsgs~user~Character~Name~dmgDesc
internal/usercommands/gore.go | actor | messaging~CategoryHitNaturalSharp | defence~ToAttacker
internal/usercommands/gore.go | actor | messaging~CategorySystem | "You have no horns to gore with."
internal/usercommands/gore.go | actor | messaging~CategorySystem | "You have no target!"
internal/usercommands/gore.go | actor | messaging~CategorySystem | "You need a moment to recover before attempting another special move."
internal/usercommands/gore.go | actor | messaging~CategorySystem | actions~CostRefusalText~res~Cost
internal/usercommands/gore.go | actor | messaging~CategorySystem | fmt~Sprintf~goreMsgs~util~Rand~len~goreMsgs~targetName~dmgDesc
internal/usercommands/gore.go | actor | messaging~CategorySystem | fmt~Sprintf~goreMsgs~util~Rand~len~goreMsgs~targetName~dmgDesc
internal/usercommands/gore.go | actor | messaging~CategorySystem | fmt~Sprintf~missMsgs~util~Rand~len~missMsgs~targetName
internal/usercommands/gore.go | actor | messaging~CategorySystem | fmt~Sprintf~partialMsgs~util~Rand~len~partialMsgs~targetName~dmgDesc
internal/usercommands/gore.go | observer | messaging~CategoryHitNaturalSharp | defence~ToRoom
internal/usercommands/gore.go | observer | messaging~CategoryHitNaturalSharp | defence~ToRoom
internal/usercommands/gore.go | observer | messaging~CategoryHitNaturalSharp | fmt~Sprintf~goreRoomMsgs~util~Rand~len~goreRoomMsgs~user~Character~Name~targetName
internal/usercommands/gore.go | observer | messaging~CategoryHitNaturalSharp | fmt~Sprintf~goreRoomMsgs~util~Rand~len~goreRoomMsgs~user~Character~Name~targetName
internal/usercommands/gore.go | observer | messaging~CategoryHitNaturalSharp | fmt~Sprintf~missRoomMsgs~util~Rand~len~missRoomMsgs~user~Character~Name~targetName
internal/usercommands/gore.go | observer | messaging~CategoryHitNaturalSharp | fmt~Sprintf~partialRoomMsgs~util~Rand~len~partialRoomMsgs~user~Character~Name~targetName
internal/usercommands/kick.go | actee |  | acteeDefenceLine~targetChar~room~messaging~CategoryKick~defence~ToDefender~user~Character~Name
internal/usercommands/kick.go | actee | messaging~CategorySystem | fmt~Sprintf~kickTargetMsgs~util~Rand~len~kickTargetMsgs~user~Character~Name~dmgDesc
internal/usercommands/kick.go | actee | messaging~CategorySystem | fmt~Sprintf~knockdownTargetMsgs~util~Rand~len~knockdownTargetMsgs~user~Character~Name~dmgDesc
internal/usercommands/kick.go | actee | messaging~CategorySystem | fmt~Sprintf~missTargetMsgs~util~Rand~len~missTargetMsgs~user~Character~Name
internal/usercommands/kick.go | actee | messaging~CategorySystem | fmt~Sprintf~partialTargetMsgs~util~Rand~len~partialTargetMsgs~user~Character~Name~dmgDesc
internal/usercommands/kick.go | actor | messaging~CategoryKick | defence~ToAttacker
internal/usercommands/kick.go | actor | messaging~CategorySystem | "You have no target!"
internal/usercommands/kick.go | actor | messaging~CategorySystem | "You need a moment to recover before attempting another special move."
internal/usercommands/kick.go | actor | messaging~CategorySystem | `<ansi fg="red">You can't kick while focused on your work. Finish or be interrupted first.</ansi>`
internal/usercommands/kick.go | actor | messaging~CategorySystem | actions~CostRefusalText~res~Cost
internal/usercommands/kick.go | actor | messaging~CategorySystem | fmt~Sprintf~kickMsgs~util~Rand~len~kickMsgs~targetName~dmgDesc
internal/usercommands/kick.go | actor | messaging~CategorySystem | fmt~Sprintf~knockdownMsgs~util~Rand~len~knockdownMsgs~targetName~dmgDesc
internal/usercommands/kick.go | actor | messaging~CategorySystem | fmt~Sprintf~missMsgs~util~Rand~len~missMsgs~targetName
internal/usercommands/kick.go | actor | messaging~CategorySystem | fmt~Sprintf~partialMsgs~util~Rand~len~partialMsgs~targetName~dmgDesc
internal/usercommands/kick.go | observer | messaging~CategoryKick | defence~ToRoom
internal/usercommands/kick.go | observer | messaging~CategoryKick | defence~ToRoom
internal/usercommands/kick.go | observer | messaging~CategoryKick | fmt~Sprintf~kickRoomMsgs~util~Rand~len~kickRoomMsgs~user~Character~Name~targetName
internal/usercommands/kick.go | observer | messaging~CategoryKick | fmt~Sprintf~knockdownRoomMsgs~util~Rand~len~knockdownRoomMsgs~user~Character~Name~targetName
internal/usercommands/kick.go | observer | messaging~CategoryKick | fmt~Sprintf~missRoomMsgs~util~Rand~len~missRoomMsgs~user~Character~Name~targetName
internal/usercommands/kick.go | observer | messaging~CategoryKick | fmt~Sprintf~partialRoomMsgs~util~Rand~len~partialRoomMsgs~user~Character~Name~targetName
internal/usercommands/pounce.go | actee |  | acteeDefenceLine~targetChar~room~messaging~CategoryHitNaturalSharp~defence~ToDefender~user~Character~Name
internal/usercommands/pounce.go | actee | messaging~CategorySystem | fmt~Sprintf~missTargetMsgs~util~Rand~len~missTargetMsgs~user~Character~Name
internal/usercommands/pounce.go | actee | messaging~CategorySystem | fmt~Sprintf~partialTargetMsgs~util~Rand~len~partialTargetMsgs~user~Character~Name~dmgDesc
internal/usercommands/pounce.go | actee | messaging~CategorySystem | fmt~Sprintf~pounceTargetMsgs~util~Rand~len~pounceTargetMsgs~user~Character~Name~dmgDesc
internal/usercommands/pounce.go | actee | messaging~CategorySystem | fmt~Sprintf~pounceTargetMsgs~util~Rand~len~pounceTargetMsgs~user~Character~Name~dmgDesc
internal/usercommands/pounce.go | actor | messaging~CategoryHitNaturalSharp | defence~ToAttacker
internal/usercommands/pounce.go | actor | messaging~CategorySystem | "You aren't built to pounce."
internal/usercommands/pounce.go | actor | messaging~CategorySystem | "You can't pounce from a clinch."
internal/usercommands/pounce.go | actor | messaging~CategorySystem | "You have no target!"
internal/usercommands/pounce.go | actor | messaging~CategorySystem | "You need a moment to recover before attempting another special move."
internal/usercommands/pounce.go | actor | messaging~CategorySystem | actions~CostRefusalText~res~Cost
internal/usercommands/pounce.go | actor | messaging~CategorySystem | fmt~Sprintf~missMsgs~util~Rand~len~missMsgs~targetName
internal/usercommands/pounce.go | actor | messaging~CategorySystem | fmt~Sprintf~partialMsgs~util~Rand~len~partialMsgs~targetName~dmgDesc
internal/usercommands/pounce.go | actor | messaging~CategorySystem | fmt~Sprintf~pounceMsgs~util~Rand~len~pounceMsgs~targetName~dmgDesc
internal/usercommands/pounce.go | actor | messaging~CategorySystem | fmt~Sprintf~pounceMsgs~util~Rand~len~pounceMsgs~targetName~dmgDesc
internal/usercommands/pounce.go | observer | messaging~CategoryHitNaturalSharp | defence~ToRoom
internal/usercommands/pounce.go | observer | messaging~CategoryHitNaturalSharp | defence~ToRoom
internal/usercommands/pounce.go | observer | messaging~CategoryHitNaturalSharp | fmt~Sprintf~missRoomMsgs~util~Rand~len~missRoomMsgs~user~Character~Name~targetName
internal/usercommands/pounce.go | observer | messaging~CategoryHitNaturalSharp | fmt~Sprintf~partialRoomMsgs~util~Rand~len~partialRoomMsgs~user~Character~Name~targetName
internal/usercommands/pounce.go | observer | messaging~CategoryHitNaturalSharp | fmt~Sprintf~pounceRoomMsgs~util~Rand~len~pounceRoomMsgs~user~Character~Name~targetName
internal/usercommands/pounce.go | observer | messaging~CategoryHitNaturalSharp | fmt~Sprintf~pounceRoomMsgs~util~Rand~len~pounceRoomMsgs~user~Character~Name~targetName
